[36mvite v8.0.0-beta.13 [32mbuilding client environment for production...[36m[39m
[2K
transforming...Γ£ô 1744 modules transformed.
rendering chunks...
computing gzip size...
dist/index.html                   0.46 kB Γöé gzip:   0.29 kB
dist/assets/index-CacVH2e2.css   38.01 kB Γöé gzip:   6.57 kB
dist/assets/index-bOTpUKSF.js   360.54 kB Γöé gzip: 109.70 kB

node.exe : 
[31mΓ£ù[39m Build 
failed in 662ms
At line:1 char:1
+ & "C:\Program Files
\nodejs/node.exe" "C:
\Users\barsu\AppData\
Roaming\ ...
+ ~~~~~~~~~~~~~~~~~~~
~~~~~~~~~~~~~~~~~~~~~
~~~~~~~~~~~~~~~~~~~~~
~~~~~~~~
    + CategoryInfo   
           : NotSpe  
  cified: ([31mΓ£   
 ù[39m Build fai    
led in 662ms:Str    
ing) [], RemoteE    
xception
    + FullyQualified 
   ErrorId : Native  
  CommandError
 
[31merror during 
build:
[31mBuild failed 
with 1 error:

Error: [vite]: 
Rolldown failed to 
resolve import 
"react-helmet-async" 
from "E:/DEOS Company
Websites(Office Folde
r)/SpeechCareCenter/S
peech-Therapy/src/mai
n.jsx".
This is most likely 
unintended because 
it can break your 
application at 
runtime.
If you do want to 
externalize this 
module explicitly 
add it to
`build.rollupOptions.
external`
    at viteLog (file:
///E:/DEOS%20CompanyW
ebsites(Office%20Fold
er)/SpeechCareCenter/
Speech-Therapy/node_m
odules/vite/dist/node
/chunks/fetchableEnvi
ronments.js:34204:57)
    at file:///E:/DEO
S%20CompanyWebsites(O
ffice%20Folder)/Speec
hCareCenter/Speech-Th
erapy/node_modules/vi
te/dist/node/chunks/f
etchableEnvironments.
js:34240:71
    at onwarn (file:/
//E:/DEOS%20CompanyWe
bsites(Office%20Folde
r)/SpeechCareCenter/S
peech-Therapy/node_mo
dules/@vitejs/plugin-
react/dist/index.js:7
6:7)
    at file:///E:/DEO
S%20CompanyWebsites(O
ffice%20Folder)/Speec
hCareCenter/Speech-Th
erapy/node_modules/vi
te/dist/node/chunks/f
etchableEnvironments.
js:34240:28
    at onRollupLog (f
ile:///E:/DEOS%20Comp
anyWebsites(Office%20
Folder)/SpeechCareCen
ter/Speech-Therapy/no
de_modules/vite/dist/
node/chunks/fetchable
Environments.js:34235
:63)
    at onLog (file://
/E:/DEOS%20CompanyWeb
sites(Office%20Folder
)/SpeechCareCenter/Sp
eech-Therapy/node_mod
ules/vite/dist/node/c
hunks/fetchableEnviro
nments.js:34003:4)
    at file:///E:/DEO
S%20CompanyWebsites(O
ffice%20Folder)/Speec
hCareCenter/Speech-Th
erapy/node_modules/ro
lldown/dist/shared/ro
lldown-build-CGNuOAoF
.mjs:49:26
    at logger (file:/
//E:/DEOS%20CompanyWe
bsites(Office%20Folde
r)/SpeechCareCenter/S
peech-Therapy/node_mo
dules/rolldown/dist/s
hared/rolldown-build-
CGNuOAoF.mjs:40:3)
    at onLog (file://
/E:/DEOS%20CompanyWeb
sites(Office%20Folder
)/SpeechCareCenter/Sp
eech-Therapy/node_mod
ules/rolldown/dist/sh
ared/bindingify-input
-options-CorDub0q.mjs
:2049:32)[31m
    at aggregateBindi
ngErrorsIntoJsError (
file:///E:/DEOS%20Com
panyWebsites(Office%2
0Folder)/SpeechCareCe
nter/Speech-Therapy/n
ode_modules/rolldown/
dist/shared/bindingif
y-input-options-CorDu
b0q.mjs:628:18)
    at 
unwrapBindingResult (
file:///E:/DEOS%20Com
panyWebsites(Office%2
0Folder)/SpeechCareCe
nter/Speech-Therapy/n
ode_modules/rolldown/
dist/shared/bindingif
y-input-options-CorDu
b0q.mjs:598:128)
    at #build (file:/
//E:/DEOS%20CompanyWe
bsites(Office%20Folde
r)/SpeechCareCenter/S
peech-Therapy/node_mo
dules/rolldown/dist/s
hared/rolldown-build-
CGNuOAoF.mjs:3345:34)
    at async 
buildEnvironment (fil
e:///E:/DEOS%20Compan
yWebsites(Office%20Fo
lder)/SpeechCareCente
r/Speech-Therapy/node
_modules/vite/dist/no
de/chunks/fetchableEn
vironments.js:34111:6
4)
    at async 
Object.build (file://
/E:/DEOS%20CompanyWeb
sites(Office%20Folder
)/SpeechCareCenter/Sp
eech-Therapy/node_mod
ules/vite/dist/node/c
hunks/fetchableEnviro
nments.js:34533:19)
    at async 
Object.buildApp (file
:///E:/DEOS%20Company
Websites(Office%20Fol
der)/SpeechCareCenter
/Speech-Therapy/node_
modules/vite/dist/nod
e/chunks/fetchableEnv
ironments.js:34530:15
3)
    at async 
CAC.<anonymous> (file
:///E:/DEOS%20Company
Websites(Office%20Fol
der)/SpeechCareCenter
/Speech-Therapy/node_
modules/vite/dist/nod
e/cli.js:641:3)[39m
